This is pdfTeX, Version 3.141592653-2.6-1.40.28 (MiKTeX 25.12 Portable) (preloaded format=pdflatex 2026.8.28)  21 SEP 2026 11:55
entering extended mode
 restricted \write18 enabled.
 %&-line parsing enabled.
**./ism_paper.tex
(ism_paper.tex
LaTeX2e <2025-11-01>
L3 programming layer <2025-12-24>

(C:\Users\Arhaan\scoop\apps\latex\current\texmfs\install\tex/latex/ieeetran\IEE
Etran.cls
Document Class: IEEEtran 2015/08/26 V1.8b by Michael Shell
-- See the "IEEEtran_HOWTO" manual for usage information.
-- http://www.michaelshell.org/tex/ieeetran/
\@IEEEtrantmpdimenA=\dimen148
\@IEEEtrantmpdimenB=\dimen149
\@IEEEtrantmpdimenC=\dimen150
\@IEEEtrantmpcountA=\count275
\@IEEEtrantmpcountB=\count276
\@IEEEtrantmpcountC=\count277
\@IEEEtrantmptoksA=\toks17
LaTeX Font Info:    Trying to load font information for OT1+ptm on input line 5
03.

(C:\Users\Arhaan\scoop\apps\latex\current\texmfs\install\tex/latex/psnfss\ot1pt
m.fd
File: ot1ptm.fd 2001/06/04 font definitions for OT1/ptm.
)
-- Using 8.5in x 11in (letter) paper.
-- Using PDF output.
\@IEEEnormalsizeunitybaselineskip=\dimen151
-- This is a 10 point document.
LaTeX Encoding Info:    Redeclaring text command \textunderscore (encoding ?) o
n input line 937.
\CLASSINFOnormalsizebaselineskip=\dimen152
\CLASSINFOnormalsizeunitybaselineskip=\dimen153
\IEEEnormaljot=\dimen154
LaTeX Font Info:    Font shape `OT1/ptm/bx/n' in size <5> not available
(Font)              Font shape `OT1/ptm/b/n' tried instead on input line 1090.
LaTeX Font Info:    Font shape `OT1/ptm/bx/it' in size <5> not available
(Font)              Font shape `OT1/ptm/b/it' tried instead on input line 1090.

LaTeX Font Info:    Font shape `OT1/ptm/bx/n' in size <7> not available
(Font)              Font shape `OT1/ptm/b/n' tried instead on input line 1090.
LaTeX Font Info:    Font shape `OT1/ptm/bx/it' in size <7> not available
(Font)              Font shape `OT1/ptm/b/it' tried instead on input line 1090.

LaTeX Font Info:    Font shape `OT1/ptm/bx/n' in size <8> not available
(Font)              Font shape `OT1/ptm/b/n' tried instead on input line 1090.
LaTeX Font Info:    Font shape `OT1/ptm/bx/it' in size <8> not available
(Font)              Font shape `OT1/ptm/b/it' tried instead on input line 1090.

LaTeX Font Info:    Font shape `OT1/ptm/bx/n' in size <9> not available
(Font)              Font shape `OT1/ptm/b/n' tried instead on input line 1090.
LaTeX Font Info:    Font shape `OT1/ptm/bx/it' in size <9> not available
(Font)              Font shape `OT1/ptm/b/it' tried instead on input line 1090.

LaTeX Font Info:    Font shape `OT1/ptm/bx/n' in size <10> not available
(Font)              Font shape `OT1/ptm/b/n' tried instead on input line 1090.
LaTeX Font Info:    Font shape `OT1/ptm/bx/it' in size <10> not available
(Font)              Font shape `OT1/ptm/b/it' tried instead on input line 1090.

LaTeX Font Info:    Font shape `OT1/ptm/bx/n' in size <11> not available
(Font)              Font shape `OT1/ptm/b/n' tried instead on input line 1090.
LaTeX Font Info:    Font shape `OT1/ptm/bx/it' in size <11> not available
(Font)              Font shape `OT1/ptm/b/it' tried instead on input line 1090.

LaTeX Font Info:    Font shape `OT1/ptm/bx/n' in size <12> not available
(Font)              Font shape `OT1/ptm/b/n' tried instead on input line 1090.
LaTeX Font Info:    Font shape `OT1/ptm/bx/it' in size <12> not available
(Font)              Font shape `OT1/ptm/b/it' tried instead on input line 1090.

LaTeX Font Info:    Font shape `OT1/ptm/bx/n' in size <17> not available
(Font)              Font shape `OT1/ptm/b/n' tried instead on input line 1090.
LaTeX Font Info:    Font shape `OT1/ptm/bx/it' in size <17> not available
(Font)              Font shape `OT1/ptm/b/it' tried instead on input line 1090.

LaTeX Font Info:    Font shape `OT1/ptm/bx/n' in size <20> not available
(Font)              Font shape `OT1/ptm/b/n' tried instead on input line 1090.
LaTeX Font Info:    Font shape `OT1/ptm/bx/it' in size <20> not available
(Font)              Font shape `OT1/ptm/b/it' tried instead on input line 1090.

LaTeX Font Info:    Font shape `OT1/ptm/bx/n' in size <24> not available
(Font)              Font shape `OT1/ptm/b/n' tried instead on input line 1090.
LaTeX Font Info:    Font shape `OT1/ptm/bx/it' in size <24> not available
(Font)              Font shape `OT1/ptm/b/it' tried instead on input line 1090.

\IEEEquantizedlength=\dimen155
\IEEEquantizedlengthdiff=\dimen156
\IEEEquantizedtextheightdiff=\dimen157
\IEEEilabelindentA=\dimen158
\IEEEilabelindentB=\dimen159
\IEEEilabelindent=\dimen160
\IEEEelabelindent=\dimen161
\IEEEdlabelindent=\dimen162
\IEEElabelindent=\dimen163
\IEEEiednormlabelsep=\dimen164
\IEEEiedmathlabelsep=\dimen165
\IEEEiedtopsep=\skip49
\c@section=\count278
\c@subsection=\count279
\c@subsubsection=\count280
\c@paragraph=\count281
\c@IEEEsubequation=\count282
\abovecaptionskip=\skip50
\belowcaptionskip=\skip51
\c@figure=\count283
\c@table=\count284
\@IEEEeqnnumcols=\count285
\@IEEEeqncolcnt=\count286
\@IEEEsubeqnnumrollback=\count287
\@IEEEquantizeheightA=\dimen166
\@IEEEquantizeheightB=\dimen167
\@IEEEquantizeheightC=\dimen168
\@IEEEquantizeprevdepth=\dimen169
\@IEEEquantizemultiple=\count288
\@IEEEquantizeboxA=\box53
\@IEEEtmpitemindent=\dimen170
\IEEEPARstartletwidth=\dimen171
\c@IEEEbiography=\count289
\@IEEEtranrubishbin=\box54
)
(C:\Users\Arhaan\scoop\apps\latex\current\texmfs\install\tex/latex/base\inputen
c.sty
Package: inputenc 2024/02/08 v1.3d Input encoding file
\inpenc@prehook=\toks18
\inpenc@posthook=\toks19
)
(C:\Users\Arhaan\scoop\apps\latex\current\texmfs\install\tex/latex/base\fontenc
.sty
Package: fontenc 2025/07/18 v2.1d Standard LaTeX package
LaTeX Font Info:    Trying to load font information for T1+ptm on input line 11
6.

(C:\Users\Arhaan\scoop\apps\latex\current\texmfs\install\tex/latex/psnfss\t1ptm
.fd
File: t1ptm.fd 2001/06/04 font definitions for T1/ptm.
))
(C:\Users\Arhaan\scoop\apps\latex\current\texmfs\install\tex/latex/amsmath\amsm
ath.sty
Package: amsmath 2025/07/09 v2.17z AMS math features
\@mathmargin=\skip52

For additional information on amsmath, use the `?' option.

(C:\Users\Arhaan\scoop\apps\latex\current\texmfs\install\tex/latex/amsmath\amst
ext.sty
Package: amstext 2024/11/17 v2.01 AMS text

(C:\Users\Arhaan\scoop\apps\latex\current\texmfs\install\tex/latex/amsmath\amsg
en.sty
File: amsgen.sty 1999/11/30 v2.0 generic functions
\@emptytoks=\toks20
\ex@=\dimen172
))
(C:\Users\Arhaan\scoop\apps\latex\current\texmfs\install\tex/latex/amsmath\amsb
sy.sty
Package: amsbsy 1999/11/29 v1.2d Bold Symbols
\pmbraise@=\dimen173
)
(C:\Users\Arhaan\scoop\apps\latex\current\texmfs\install\tex/latex/amsmath\amso
pn.sty
Package: amsopn 2022/04/08 v2.04 operator names
)
\inf@bad=\count290
LaTeX Info: Redefining \frac on input line 233.
\uproot@=\count291
\leftroot@=\count292
LaTeX Info: Redefining \overline on input line 398.
LaTeX Info: Redefining \colon on input line 409.
\classnum@=\count293
\DOTSCASE@=\count294
LaTeX Info: Redefining \ldots on input line 495.
LaTeX Info: Redefining \dots on input line 498.
LaTeX Info: Redefining \cdots on input line 619.
\Mathstrutbox@=\box55
\strutbox@=\box56
LaTeX Info: Redefining \big on input line 721.
LaTeX Info: Redefining \Big on input line 722.
LaTeX Info: Redefining \bigg on input line 723.
LaTeX Info: Redefining \Bigg on input line 724.
\big@size=\dimen174
LaTeX Font Info:    Redeclaring font encoding OML on input line 742.
LaTeX Font Info:    Redeclaring font encoding OMS on input line 743.
\macc@depth=\count295
LaTeX Info: Redefining \bmod on input line 904.
LaTeX Info: Redefining \pmod on input line 909.
LaTeX Info: Redefining \smash on input line 939.
LaTeX Info: Redefining \relbar on input line 969.
LaTeX Info: Redefining \Relbar on input line 970.
\c@MaxMatrixCols=\count296
\dotsspace@=\muskip17
\c@parentequation=\count297
\dspbrk@lvl=\count298
\tag@help=\toks21
\row@=\count299
\column@=\count300
\maxfields@=\count301
\andhelp@=\toks22
\eqnshift@=\dimen175
\alignsep@=\dimen176
\tagshift@=\dimen177
\tagwidth@=\dimen178
\totwidth@=\dimen179
\lineht@=\dimen180
\@envbody=\toks23
\multlinegap=\skip53
\multlinetaggap=\skip54
\mathdisplay@stack=\toks24
LaTeX Info: Redefining \[ on input line 2950.
LaTeX Info: Redefining \] on input line 2951.
)
(C:\Users\Arhaan\scoop\apps\latex\current\texmfs\install\tex/latex/amsfonts\ams
symb.sty
Package: amssymb 2013/01/14 v3.01 AMS font symbols

(C:\Users\Arhaan\scoop\apps\latex\current\texmfs\install\tex/latex/amsfonts\ams
fonts.sty
Package: amsfonts 2013/01/14 v3.01 Basic AMSFonts support
\symAMSa=\mathgroup4
\symAMSb=\mathgroup5
LaTeX Font Info:    Redeclaring math symbol \hbar on input line 98.
LaTeX Font Info:    Overwriting math alphabet `\mathfrak' in version `bold'
(Font)                  U/euf/m/n --> U/euf/b/n on input line 106.
))
(C:\Users\Arhaan\scoop\apps\latex\current\texmfs\install\tex/latex/graphics\gra
phicx.sty
Package: graphicx 2024/12/31 v1.2e Enhanced LaTeX Graphics (DPC,SPQR)

(C:\Users\Arhaan\scoop\apps\latex\current\texmfs\install\tex/latex/graphics\key
val.sty
Package: keyval 2022/05/29 v1.15 key=value parser (DPC)
\KV@toks@=\toks25
)
(C:\Users\Arhaan\scoop\apps\latex\current\texmfs\install\tex/latex/graphics\gra
phics.sty
Package: graphics 2024/08/06 v1.4g Standard LaTeX Graphics (DPC,SPQR)

(C:\Users\Arhaan\scoop\apps\latex\current\texmfs\install\tex/latex/graphics\tri
g.sty
Package: trig 2023/12/02 v1.11 sin cos tan (DPC)
)
(C:\Users\Arhaan\scoop\apps\latex\current\texmfs\install\tex/latex/graphics-cfg
\graphics.cfg
File: graphics.cfg 2016/06/04 v1.11 sample graphics configuration
)
Package graphics Info: Driver file: pdftex.def on input line 106.

(C:\Users\Arhaan\scoop\apps\latex\current\texmfs\install\tex/latex/graphics-def
\pdftex.def
File: pdftex.def 2025/09/29 v1.2d Graphics/color driver for pdftex
))
\Gin@req@height=\dimen181
\Gin@req@width=\dimen182
)
(C:\Users\Arhaan\scoop\apps\latex\current\texmfs\install\tex/latex/booktabs\boo
ktabs.sty
Package: booktabs 2020/01/12 v1.61803398 Publication quality tables
\heavyrulewidth=\dimen183
\lightrulewidth=\dimen184
\cmidrulewidth=\dimen185
\belowrulesep=\dimen186
\belowbottomsep=\dimen187
\aboverulesep=\dimen188
\abovetopsep=\dimen189
\cmidrulesep=\dimen190
\cmidrulekern=\dimen191
\defaultaddspace=\dimen192
\@cmidla=\count302
\@cmidlb=\count303
\@aboverulesep=\dimen193
\@belowrulesep=\dimen194
\@thisruleclass=\count304
\@lastruleclass=\count305
\@thisrulewidth=\dimen195
)
(C:\Users\Arhaan\scoop\apps\latex\current\texmfs\install\tex/latex/tools\array.
sty
Package: array 2025/09/25 v2.6n Tabular extension package (FMi)
\col@sep=\dimen196
\ar@mcellbox=\box57
\extrarowheight=\dimen197
\NC@list=\toks26
\extratabsurround=\skip55
\backup@length=\skip56
\ar@cellbox=\box58
)
(C:\Users\Arhaan\scoop\apps\latex\current\texmfs\install\tex/latex/algorithms\a
lgorithm.sty
Package: algorithm 2009/08/24 v0.1 Document Style `algorithm' - floating enviro
nment

(C:\Users\Arhaan\scoop\apps\latex\current\texmfs\install\tex/latex/float\float.
sty
Package: float 2001/11/08 v1.3d Float enhancements (AL)
\c@float@type=\count306
\float@exts=\toks27
\float@box=\box59
\@float@everytoks=\toks28
\@floatcapt=\box60
)
(C:\Users\Arhaan\scoop\apps\latex\current\texmfs\install\tex/latex/base\ifthen.
sty
Package: ifthen 2024/03/16 v1.1e Standard LaTeX ifthen package (DPC)
)
\@float@every@algorithm=\toks29
\c@algorithm=\count307
)
(C:\Users\Arhaan\scoop\apps\latex\current\texmfs\install\tex/latex/algorithms\a
lgorithmic.sty
Package: algorithmic 2009/08/24 v0.1 Document Style `algorithmic'
\c@ALC@unique=\count308
\c@ALC@line=\count309
\c@ALC@rem=\count310
\c@ALC@depth=\count311
\ALC@tlm=\skip57
\algorithmicindent=\skip58
)
(C:\Users\Arhaan\scoop\apps\latex\current\texmfs\install\tex/latex/url\url.sty
\Urlmuskip=\muskip18
Package: url 2013/09/16  ver 3.4  Verb mode for urls, etc.
)
(C:\Users\Arhaan\scoop\apps\latex\current\texmfs\install\tex/latex/cite\cite.st
y
LaTeX Info: Redefining \cite on input line 302.
LaTeX Info: Redefining \nocite on input line 332.
Package: cite 2015/02/27  v 5.5
)
(C:\Users\Arhaan\scoop\apps\latex\current\texmfs\install\tex/latex/pgf/frontend
layer\tikz.sty
(C:\Users\Arhaan\scoop\apps\latex\current\texmfs\install\tex/latex/pgf/basiclay
er\pgf.sty
(C:\Users\Arhaan\scoop\apps\latex\current\texmfs\install\tex/latex/pgf/utilitie
s\pgfrcs.sty
(C:\Users\Arhaan\scoop\apps\latex\current\texmfs\install\tex/generic/pgf/utilit
ies\pgfutil-common.tex
\pgfutil@everybye=\toks30
\pgfutil@tempdima=\dimen198
\pgfutil@tempdimb=\dimen199
)
(C:\Users\Arhaan\scoop\apps\latex\current\texmfs\install\tex/generic/pgf/utilit
ies\pgfutil-latex.def
\pgfutil@abb=\box61
)
(C:\Users\Arhaan\scoop\apps\latex\current\texmfs\install\tex/generic/pgf/utilit
ies\pgfrcs.code.tex
(C:\Users\Arhaan\scoop\apps\latex\current\texmfs\install\tex/generic/pgf\pgf.re
vision.tex)
Package: pgfrcs 2025-08-29 v3.1.11a (3.1.11a)
))
Package: pgf 2025-08-29 v3.1.11a (3.1.11a)

(C:\Users\Arhaan\scoop\apps\latex\current\texmfs\install\tex/latex/pgf/basiclay
er\pgfcore.sty
(C:\Users\Arhaan\scoop\apps\latex\current\texmfs\install\tex/latex/pgf/systemla
yer\pgfsys.sty
(C:\Users\Arhaan\scoop\apps\latex\current\texmfs\install\tex/generic/pgf/system
layer\pgfsys.code.tex
Package: pgfsys 2025-08-29 v3.1.11a (3.1.11a)

(C:\Users\Arhaan\scoop\apps\latex\current\texmfs\install\tex/generic/pgf/utilit
ies\pgfkeys.code.tex
\pgfkeys@pathtoks=\toks31
\pgfkeys@temptoks=\toks32

(C:\Users\Arhaan\scoop\apps\latex\current\texmfs\install\tex/generic/pgf/utilit
ies\pgfkeyslibraryfiltered.code.tex
\pgfkeys@tmptoks=\toks33
))
\pgf@x=\dimen256
\pgf@y=\dimen257
\pgf@xa=\dimen258
\pgf@ya=\dimen259
\pgf@xb=\dimen260
\pgf@yb=\dimen261
\pgf@xc=\dimen262
\pgf@yc=\dimen263
\pgf@xd=\dimen264
\pgf@yd=\dimen265
\w@pgf@writea=\write3
\r@pgf@reada=\read2
\c@pgf@counta=\count312
\c@pgf@countb=\count313
\c@pgf@countc=\count314
\c@pgf@countd=\count315
\t@pgf@toka=\toks34
\t@pgf@tokb=\toks35
\t@pgf@tokc=\toks36
\pgf@sys@id@count=\count316

(C:\Users\Arhaan\scoop\apps\latex\current\texmfs\install\tex/generic/pgf/system
layer\pgf.cfg
File: pgf.cfg 2025-08-29 v3.1.11a (3.1.11a)
)
Driver file for pgf: pgfsys-pdftex.def

(C:\Users\Arhaan\scoop\apps\latex\current\texmfs\install\tex/generic/pgf/system
layer\pgfsys-pdftex.def
File: pgfsys-pdftex.def 2025-08-29 v3.1.11a (3.1.11a)

(C:\Users\Arhaan\scoop\apps\latex\current\texmfs\install\tex/generic/pgf/system
layer\pgfsys-common-pdf.def
File: pgfsys-common-pdf.def 2025-08-29 v3.1.11a (3.1.11a)
)))
(C:\Users\Arhaan\scoop\apps\latex\current\texmfs\install\tex/generic/pgf/system
layer\pgfsyssoftpath.code.tex
File: pgfsyssoftpath.code.tex 2025-08-29 v3.1.11a (3.1.11a)
\pgfsyssoftpath@smallbuffer@items=\count317
\pgfsyssoftpath@bigbuffer@items=\count318
)
(C:\Users\Arhaan\scoop\apps\latex\current\texmfs\install\tex/generic/pgf/system
layer\pgfsysprotocol.code.tex
File: pgfsysprotocol.code.tex 2025-08-29 v3.1.11a (3.1.11a)
))
(C:\Users\Arhaan\scoop\apps\latex\current\texmfs\install\tex/latex/xcolor\xcolo
r.sty
Package: xcolor 2024/09/29 v3.02 LaTeX color extensions (UK)

(C:\Users\Arhaan\scoop\apps\latex\current\texmfs\install\tex/latex/graphics-cfg
\color.cfg
File: color.cfg 2016/01/02 v1.6 sample color configuration
)
Package xcolor Info: Driver file: pdftex.def on input line 274.

(C:\Users\Arhaan\scoop\apps\latex\current\texmfs\install\tex/latex/graphics\mat
hcolor.ltx)
Package xcolor Info: Model `cmy' substituted by `cmy0' on input line 1349.
Package xcolor Info: Model `hsb' substituted by `rgb' on input line 1353.
Package xcolor Info: Model `RGB' extended on input line 1365.
Package xcolor Info: Model `HTML' substituted by `rgb' on input line 1367.
Package xcolor Info: Model `Hsb' substituted by `hsb' on input line 1368.
Package xcolor Info: Model `tHsb' substituted by `hsb' on input line 1369.
Package xcolor Info: Model `HSB' substituted by `hsb' on input line 1370.
Package xcolor Info: Model `Gray' substituted by `gray' on input line 1371.
Package xcolor Info: Model `wave' substituted by `hsb' on input line 1372.
)
(C:\Users\Arhaan\scoop\apps\latex\current\texmfs\install\tex/generic/pgf/basicl
ayer\pgfcore.code.tex
Package: pgfcore 2025-08-29 v3.1.11a (3.1.11a)

(C:\Users\Arhaan\scoop\apps\latex\current\texmfs\install\tex/generic/pgf/math\p
gfmath.code.tex
(C:\Users\Arhaan\scoop\apps\latex\current\texmfs\install\tex/generic/pgf/math\p
gfmathutil.code.tex)
(C:\Users\Arhaan\scoop\apps\latex\current\texmfs\install\tex/generic/pgf/math\p
gfmathparser.code.tex
\pgfmath@dimen=\dimen266
\pgfmath@count=\count319
\pgfmath@box=\box62
\pgfmath@toks=\toks37
\pgfmath@stack@operand=\toks38
\pgfmath@stack@operation=\toks39
)
(C:\Users\Arhaan\scoop\apps\latex\current\texmfs\install\tex/generic/pgf/math\p
gfmathfunctions.code.tex)
(C:\Users\Arhaan\scoop\apps\latex\current\texmfs\install\tex/generic/pgf/math\p
gfmathfunctions.basic.code.tex)
(C:\Users\Arhaan\scoop\apps\latex\current\texmfs\install\tex/generic/pgf/math\p
gfmathfunctions.trigonometric.code.tex)
(C:\Users\Arhaan\scoop\apps\latex\current\texmfs\install\tex/generic/pgf/math\p
gfmathfunctions.random.code.tex)
(C:\Users\Arhaan\scoop\apps\latex\current\texmfs\install\tex/generic/pgf/math\p
gfmathfunctions.comparison.code.tex)
(C:\Users\Arhaan\scoop\apps\latex\current\texmfs\install\tex/generic/pgf/math\p
gfmathfunctions.base.code.tex)
(C:\Users\Arhaan\scoop\apps\latex\current\texmfs\install\tex/generic/pgf/math\p
gfmathfunctions.round.code.tex)
(C:\Users\Arhaan\scoop\apps\latex\current\texmfs\install\tex/generic/pgf/math\p
gfmathfunctions.misc.code.tex)
(C:\Users\Arhaan\scoop\apps\latex\current\texmfs\install\tex/generic/pgf/math\p
gfmathfunctions.integerarithmetics.code.tex)
(C:\Users\Arhaan\scoop\apps\latex\current\texmfs\install\tex/generic/pgf/math\p
gfmathcalc.code.tex)
(C:\Users\Arhaan\scoop\apps\latex\current\texmfs\install\tex/generic/pgf/math\p
gfmathfloat.code.tex
\c@pgfmathroundto@lastzeros=\count320
))
(C:\Users\Arhaan\scoop\apps\latex\current\texmfs\install\tex/generic/pgf/math\p
gfint.code.tex)
(C:\Users\Arhaan\scoop\apps\latex\current\texmfs\install\tex/generic/pgf/basicl
ayer\pgfcorepoints.code.tex
File: pgfcorepoints.code.tex 2025-08-29 v3.1.11a (3.1.11a)
\pgf@picminx=\dimen267
\pgf@picmaxx=\dimen268
\pgf@picminy=\dimen269
\pgf@picmaxy=\dimen270
\pgf@pathminx=\dimen271
\pgf@pathmaxx=\dimen272
\pgf@pathminy=\dimen273
\pgf@pathmaxy=\dimen274
\pgf@xx=\dimen275
\pgf@xy=\dimen276
\pgf@yx=\dimen277
\pgf@yy=\dimen278
\pgf@zx=\dimen279
\pgf@zy=\dimen280
)
(C:\Users\Arhaan\scoop\apps\latex\current\texmfs\install\tex/generic/pgf/basicl
ayer\pgfcorepathconstruct.code.tex
File: pgfcorepathconstruct.code.tex 2025-08-29 v3.1.11a (3.1.11a)
\pgf@path@lastx=\dimen281
\pgf@path@lasty=\dimen282
)
(C:\Users\Arhaan\scoop\apps\latex\current\texmfs\install\tex/generic/pgf/basicl
ayer\pgfcorepathusage.code.tex
File: pgfcorepathusage.code.tex 2025-08-29 v3.1.11a (3.1.11a)
\pgf@shorten@end@additional=\dimen283
\pgf@shorten@start@additional=\dimen284
)
(C:\Users\Arhaan\scoop\apps\latex\current\texmfs\install\tex/generic/pgf/basicl
ayer\pgfcorescopes.code.tex
File: pgfcorescopes.code.tex 2025-08-29 v3.1.11a (3.1.11a)
\pgfpic=\box63
\pgf@hbox=\box64
\pgf@layerbox@main=\box65
\pgf@picture@serial@count=\count321
)
(C:\Users\Arhaan\scoop\apps\latex\current\texmfs\install\tex/generic/pgf/basicl
ayer\pgfcoregraphicstate.code.tex
File: pgfcoregraphicstate.code.tex 2025-08-29 v3.1.11a (3.1.11a)
\pgflinewidth=\dimen285
)
(C:\Users\Arhaan\scoop\apps\latex\current\texmfs\install\tex/generic/pgf/basicl
ayer\pgfcoretransformations.code.tex
File: pgfcoretransformations.code.tex 2025-08-29 v3.1.11a (3.1.11a)
\pgf@pt@x=\dimen286
\pgf@pt@y=\dimen287
\pgf@pt@temp=\dimen288
)
(C:\Users\Arhaan\scoop\apps\latex\current\texmfs\install\tex/generic/pgf/basicl
ayer\pgfcorequick.code.tex
File: pgfcorequick.code.tex 2025-08-29 v3.1.11a (3.1.11a)
)
(C:\Users\Arhaan\scoop\apps\latex\current\texmfs\install\tex/generic/pgf/basicl
ayer\pgfcoreobjects.code.tex
File: pgfcoreobjects.code.tex 2025-08-29 v3.1.11a (3.1.11a)
)
(C:\Users\Arhaan\scoop\apps\latex\current\texmfs\install\tex/generic/pgf/basicl
ayer\pgfcorepathprocessing.code.tex
File: pgfcorepathprocessing.code.tex 2025-08-29 v3.1.11a (3.1.11a)
)
(C:\Users\Arhaan\scoop\apps\latex\current\texmfs\install\tex/generic/pgf/basicl
ayer\pgfcorearrows.code.tex
File: pgfcorearrows.code.tex 2025-08-29 v3.1.11a (3.1.11a)
\pgfarrowsep=\dimen289
)
(C:\Users\Arhaan\scoop\apps\latex\current\texmfs\install\tex/generic/pgf/basicl
ayer\pgfcoreshade.code.tex
File: pgfcoreshade.code.tex 2025-08-29 v3.1.11a (3.1.11a)
\pgf@max=\dimen290
\pgf@sys@shading@range@num=\count322
\pgf@shadingcount=\count323
)
(C:\Users\Arhaan\scoop\apps\latex\current\texmfs\install\tex/generic/pgf/basicl
ayer\pgfcoreimage.code.tex
File: pgfcoreimage.code.tex 2025-08-29 v3.1.11a (3.1.11a)
)
(C:\Users\Arhaan\scoop\apps\latex\current\texmfs\install\tex/generic/pgf/basicl
ayer\pgfcoreexternal.code.tex
File: pgfcoreexternal.code.tex 2025-08-29 v3.1.11a (3.1.11a)
\pgfexternal@startupbox=\box66
)
(C:\Users\Arhaan\scoop\apps\latex\current\texmfs\install\tex/generic/pgf/basicl
ayer\pgfcorelayers.code.tex
File: pgfcorelayers.code.tex 2025-08-29 v3.1.11a (3.1.11a)
)
(C:\Users\Arhaan\scoop\apps\latex\current\texmfs\install\tex/generic/pgf/basicl
ayer\pgfcoretransparency.code.tex
File: pgfcoretransparency.code.tex 2025-08-29 v3.1.11a (3.1.11a)
)
(C:\Users\Arhaan\scoop\apps\latex\current\texmfs\install\tex/generic/pgf/basicl
ayer\pgfcorepatterns.code.tex
File: pgfcorepatterns.code.tex 2025-08-29 v3.1.11a (3.1.11a)
)
(C:\Users\Arhaan\scoop\apps\latex\current\texmfs\install\tex/generic/pgf/basicl
ayer\pgfcorerdf.code.tex
File: pgfcorerdf.code.tex 2025-08-29 v3.1.11a (3.1.11a)
)))
(C:\Users\Arhaan\scoop\apps\latex\current\texmfs\install\tex/generic/pgf/module
s\pgfmoduleshapes.code.tex
File: pgfmoduleshapes.code.tex 2025-08-29 v3.1.11a (3.1.11a)
\pgfnodeparttextbox=\box67
)
(C:\Users\Arhaan\scoop\apps\latex\current\texmfs\install\tex/generic/pgf/module
s\pgfmoduleplot.code.tex
File: pgfmoduleplot.code.tex 2025-08-29 v3.1.11a (3.1.11a)
)
(C:\Users\Arhaan\scoop\apps\latex\current\texmfs\install\tex/latex/pgf/compatib
ility\pgfcomp-version-0-65.sty
Package: pgfcomp-version-0-65 2025-08-29 v3.1.11a (3.1.11a)
\pgf@nodesepstart=\dimen291
\pgf@nodesepend=\dimen292
)
(C:\Users\Arhaan\scoop\apps\latex\current\texmfs\install\tex/latex/pgf/compatib
ility\pgfcomp-version-1-18.sty
Package: pgfcomp-version-1-18 2025-08-29 v3.1.11a (3.1.11a)
))
(C:\Users\Arhaan\scoop\apps\latex\current\texmfs\install\tex/latex/pgf/utilitie
s\pgffor.sty
(C:\Users\Arhaan\scoop\apps\latex\current\texmfs\install\tex/latex/pgf/utilitie
s\pgfkeys.sty
(C:\Users\Arhaan\scoop\apps\latex\current\texmfs\install\tex/generic/pgf/utilit
ies\pgfkeys.code.tex))
(C:\Users\Arhaan\scoop\apps\latex\current\texmfs\install\tex/latex/pgf/math\pgf
math.sty
(C:\Users\Arhaan\scoop\apps\latex\current\texmfs\install\tex/generic/pgf/math\p
gfmath.code.tex))
(C:\Users\Arhaan\scoop\apps\latex\current\texmfs\install\tex/generic/pgf/utilit
ies\pgffor.code.tex
Package: pgffor 2025-08-29 v3.1.11a (3.1.11a)
\pgffor@iter=\dimen293
\pgffor@skip=\dimen294
\pgffor@stack=\toks40
\pgffor@toks=\toks41
))
(C:\Users\Arhaan\scoop\apps\latex\current\texmfs\install\tex/generic/pgf/fronte
ndlayer/tikz\tikz.code.tex
Package: tikz 2025-08-29 v3.1.11a (3.1.11a)

(C:\Users\Arhaan\scoop\apps\latex\current\texmfs\install\tex/generic/pgf/librar
ies\pgflibraryplothandlers.code.tex
File: pgflibraryplothandlers.code.tex 2025-08-29 v3.1.11a (3.1.11a)
\pgf@plot@mark@count=\count324
\pgfplotmarksize=\dimen295
)
\tikz@lastx=\dimen296
\tikz@lasty=\dimen297
\tikz@lastxsaved=\dimen298
\tikz@lastysaved=\dimen299
\tikz@lastmovetox=\dimen300
\tikz@lastmovetoy=\dimen301
\tikzleveldistance=\dimen302
\tikzsiblingdistance=\dimen303
\tikz@figbox=\box68
\tikz@figbox@bg=\box69
\tikz@tempbox=\box70
\tikz@tempbox@bg=\box71
\tikztreelevel=\count325
\tikznumberofchildren=\count326
\tikznumberofcurrentchild=\count327
\tikz@fig@count=\count328

(C:\Users\Arhaan\scoop\apps\latex\current\texmfs\install\tex/generic/pgf/module
s\pgfmodulematrix.code.tex
File: pgfmodulematrix.code.tex 2025-08-29 v3.1.11a (3.1.11a)
\pgfmatrixcurrentrow=\count329
\pgfmatrixcurrentcolumn=\count330
\pgf@matrix@numberofcolumns=\count331
)
\tikz@expandcount=\count332

(C:\Users\Arhaan\scoop\apps\latex\current\texmfs\install\tex/generic/pgf/fronte
ndlayer/tikz/libraries\tikzlibrarytopaths.code.tex
File: tikzlibrarytopaths.code.tex 2025-08-29 v3.1.11a (3.1.11a)
)))
(C:\Users\Arhaan\scoop\apps\latex\current\texmfs\install\tex/latex/hyperref\hyp
erref.sty
Package: hyperref 2025-07-12 v7.01o Hypertext links for LaTeX

(C:\Users\Arhaan\scoop\apps\latex\current\texmfs\install\tex/generic/iftex\ifte
x.sty
Package: iftex 2024/12/12 v1.0g TeX engine tests
)
(C:\Users\Arhaan\scoop\apps\latex\current\texmfs\install\tex/latex/kvsetkeys\kv
setkeys.sty
Package: kvsetkeys 2022-10-05 v1.19 Key value parser (HO)
)
(C:\Users\Arhaan\scoop\apps\latex\current\texmfs\install\tex/generic/kvdefineke
ys\kvdefinekeys.sty
Package: kvdefinekeys 2019-12-19 v1.6 Define keys (HO)
)
(C:\Users\Arhaan\scoop\apps\latex\current\texmfs\install\tex/generic/pdfescape\
pdfescape.sty
Package: pdfescape 2019/12/09 v1.15 Implements pdfTeX's escape features (HO)

(C:\Users\Arhaan\scoop\apps\latex\current\texmfs\install\tex/generic/ltxcmds\lt
xcmds.sty
Package: ltxcmds 2023-12-04 v1.26 LaTeX kernel commands for general use (HO)
)
(C:\Users\Arhaan\scoop\apps\latex\current\texmfs\install\tex/generic/pdftexcmds
\pdftexcmds.sty
Package: pdftexcmds 2020-06-27 v0.33 Utility functions of pdfTeX for LuaTeX (HO
)

(C:\Users\Arhaan\scoop\apps\latex\current\texmfs\install\tex/generic/infwarerr\
infwarerr.sty
Package: infwarerr 2019/12/03 v1.5 Providing info/warning/error messages (HO)
)
Package pdftexcmds Info: \pdf@primitive is available.
Package pdftexcmds Info: \pdf@ifprimitive is available.
Package pdftexcmds Info: \pdfdraftmode found.
))
(C:\Users\Arhaan\scoop\apps\latex\current\texmfs\install\tex/latex/hycolor\hyco
lor.sty
Package: hycolor 2020-01-27 v1.10 Color options for hyperref/bookmark (HO)
)
(C:\Users\Arhaan\scoop\apps\latex\current\texmfs\install\tex/latex/hyperref\nam
eref.sty
Package: nameref 2025-06-21 v2.57 Cross-referencing by name of section

(C:\Users\Arhaan\scoop\apps\latex\current\texmfs\install\tex/latex/refcount\ref
count.sty
Package: refcount 2019/12/15 v3.6 Data extraction from label references (HO)
)
(C:\Users\Arhaan\scoop\apps\latex\current\texmfs\install\tex/generic/gettitlest
ring\gettitlestring.sty
Package: gettitlestring 2019/12/15 v1.6 Cleanup title references (HO)

(C:\Users\Arhaan\scoop\apps\latex\current\texmfs\install\tex/latex/kvoptions\kv
options.sty
Package: kvoptions 2022-06-15 v3.15 Key value format for package options (HO)
))
\c@section@level=\count333
)
(C:\Users\Arhaan\scoop\apps\latex\current\texmfs\install\tex/latex/etoolbox\eto
olbox.sty
Package: etoolbox 2025/10/02 v2.5m e-TeX tools for LaTeX (JAW)
\etb@tempcnta=\count334
)
(C:\Users\Arhaan\scoop\apps\latex\current\texmfs\install\tex/generic/stringenc\
stringenc.sty
Package: stringenc 2019/11/29 v1.12 Convert strings between diff. encodings (HO
)
)
\@linkdim=\dimen304
\Hy@linkcounter=\count335
\Hy@pagecounter=\count336

(C:\Users\Arhaan\scoop\apps\latex\current\texmfs\install\tex/latex/hyperref\pd1
enc.def
File: pd1enc.def 2025-07-12 v7.01o Hyperref: PDFDocEncoding definition (HO)
Now handling font encoding PD1 ...
... no UTF-8 mapping file for font encoding PD1
)
(C:\Users\Arhaan\scoop\apps\latex\current\texmfs\install\tex/generic/intcalc\in
tcalc.sty
Package: intcalc 2019/12/15 v1.3 Expandable calculations with integers (HO)
)
\Hy@SavedSpaceFactor=\count337

(C:\Users\Arhaan\scoop\apps\latex\current\texmfs\install\tex/latex/hyperref\pue
nc.def
File: puenc.def 2025-07-12 v7.01o Hyperref: PDF Unicode definition (HO)
Now handling font encoding PU ...
... no UTF-8 mapping file for font encoding PU
)
Package hyperref Info: Option `colorlinks' set `true' on input line 4066.
Package hyperref Info: Hyper figures OFF on input line 4195.
Package hyperref Info: Link nesting OFF on input line 4200.
Package hyperref Info: Hyper index ON on input line 4203.
Package hyperref Info: Plain pages OFF on input line 4210.
Package hyperref Info: Backreferencing OFF on input line 4215.
Package hyperref Info: Implicit mode ON; LaTeX internals redefined.
Package hyperref Info: Bookmarks ON on input line 4462.
\c@Hy@tempcnt=\count338
LaTeX Info: Redefining \url on input line 4801.
\XeTeXLinkMargin=\dimen305

(C:\Users\Arhaan\scoop\apps\latex\current\texmfs\install\tex/generic/bitset\bit
set.sty
Package: bitset 2019/12/09 v1.3 Handle bit-vector datatype (HO)

(C:\Users\Arhaan\scoop\apps\latex\current\texmfs\install\tex/generic/bigintcalc
\bigintcalc.sty
Package: bigintcalc 2019/12/15 v1.5 Expandable calculations on big integers (HO
)
))
\Fld@menulength=\count339
\Field@Width=\dimen306
\Fld@charsize=\dimen307
Package hyperref Info: Hyper figures OFF on input line 6078.
Package hyperref Info: Link nesting OFF on input line 6083.
Package hyperref Info: Hyper index ON on input line 6086.
Package hyperref Info: backreferencing OFF on input line 6093.
Package hyperref Info: Link coloring ON on input line 6096.
Package hyperref Info: Link coloring with OCG OFF on input line 6103.
Package hyperref Info: PDF/A mode OFF on input line 6108.
\Hy@abspage=\count340
\c@Item=\count341
\c@Hfootnote=\count342
)
Package hyperref Info: Driver (autodetected): hpdftex.

(C:\Users\Arhaan\scoop\apps\latex\current\texmfs\install\tex/latex/hyperref\hpd
ftex.def
File: hpdftex.def 2025-07-12 v7.01o Hyperref driver for pdfTeX
\Fld@listcount=\count343
\c@bookmark@seq@number=\count344

(C:\Users\Arhaan\scoop\apps\latex\current\texmfs\install\tex/latex/rerunfileche
ck\rerunfilecheck.sty
Package: rerunfilecheck 2025-06-21 v1.11 Rerun checks for auxiliary files (HO)

(C:\Users\Arhaan\scoop\apps\latex\current\texmfs\install\tex/generic/uniquecoun
ter\uniquecounter.sty
Package: uniquecounter 2019/12/15 v1.4 Provide unlimited unique counter (HO)
)
Package uniquecounter Info: New unique counter `rerunfilecheck' on input line 2
84.
)
\Hy@SectionHShift=\skip59
)
(C:\Users\Arhaan\scoop\apps\latex\current\texmfs\install\tex/generic/pgf/fronte
ndlayer/tikz/libraries\tikzlibraryarrows.code.tex
File: tikzlibraryarrows.code.tex 2025-08-29 v3.1.11a (3.1.11a)

(C:\Users\Arhaan\scoop\apps\latex\current\texmfs\install\tex/generic/pgf/librar
ies\pgflibraryarrows.code.tex
File: pgflibraryarrows.code.tex 2025-08-29 v3.1.11a (3.1.11a)
\arrowsize=\dimen308
))
(C:\Users\Arhaan\scoop\apps\latex\current\texmfs\install\tex/generic/pgf/fronte
ndlayer/tikz/libraries\tikzlibrarypositioning.code.tex
File: tikzlibrarypositioning.code.tex 2025-08-29 v3.1.11a (3.1.11a)
)
(C:\Users\Arhaan\scoop\apps\latex\current\texmfs\install\tex/generic/pgf/fronte
ndlayer/tikz/libraries\tikzlibrarycalc.code.tex
File: tikzlibrarycalc.code.tex 2025-08-29 v3.1.11a (3.1.11a)
)
(C:\Users\Arhaan\scoop\apps\latex\current\texmfs\install\tex/generic/pgf/fronte
ndlayer/tikz/libraries\tikzlibraryfit.code.tex
File: tikzlibraryfit.code.tex 2025-08-29 v3.1.11a (3.1.11a)
)
(C:\Users\Arhaan\scoop\apps\latex\current\texmfs\install\tex/generic/pgf/fronte
ndlayer/tikz/libraries\tikzlibrarybackgrounds.code.tex
File: tikzlibrarybackgrounds.code.tex 2025-08-29 v3.1.11a (3.1.11a)
\pgf@layerbox@background=\box72
\pgf@layerboxsaved@background=\box73
)
(C:\Users\Arhaan\scoop\apps\latex\current\texmfs\install\tex/generic/pgf/fronte
ndlayer/tikz/libraries\tikzlibraryshapes.geometric.code.tex
File: tikzlibraryshapes.geometric.code.tex 2025-08-29 v3.1.11a (3.1.11a)

(C:\Users\Arhaan\scoop\apps\latex\current\texmfs\install\tex/generic/pgf/librar
ies/shapes\pgflibraryshapes.geometric.code.tex
File: pgflibraryshapes.geometric.code.tex 2025-08-29 v3.1.11a (3.1.11a)
))
(C:\Users\Arhaan\scoop\apps\latex\current\texmfs\install\tex/latex/l3backend\l3
backend-pdftex.def
File: l3backend-pdftex.def 2025-10-09 L3 backend support: PDF output (pdfTeX)
\l__color_backend_stack_int=\count345
) (ism_paper.aux)
\openout1 = `ism_paper.aux'.

LaTeX Font Info:    Checking defaults for OML/cmm/m/it on input line 56.
LaTeX Font Info:    ... okay on input line 56.
LaTeX Font Info:    Checking defaults for OMS/cmsy/m/n on input line 56.
LaTeX Font Info:    ... okay on input line 56.
LaTeX Font Info:    Checking defaults for OT1/cmr/m/n on input line 56.
LaTeX Font Info:    ... okay on input line 56.
LaTeX Font Info:    Checking defaults for T1/cmr/m/n on input line 56.
LaTeX Font Info:    ... okay on input line 56.
LaTeX Font Info:    Checking defaults for TS1/cmr/m/n on input line 56.
LaTeX Font Info:    ... okay on input line 56.
LaTeX Font Info:    Checking defaults for OMX/cmex/m/n on input line 56.
LaTeX Font Info:    ... okay on input line 56.
LaTeX Font Info:    Checking defaults for U/cmr/m/n on input line 56.
LaTeX Font Info:    ... okay on input line 56.
LaTeX Font Info:    Checking defaults for PD1/pdf/m/n on input line 56.
LaTeX Font Info:    ... okay on input line 56.
LaTeX Font Info:    Checking defaults for PU/pdf/m/n on input line 56.
LaTeX Font Info:    ... okay on input line 56.

-- Lines per column: 56 (exact).

(C:\Users\Arhaan\scoop\apps\latex\current\texmfs\install\tex/context/base/mkii\
supp-pdf.mkii
[Loading MPS to PDF converter (version 2006.09.02).]
\scratchcounter=\count346
\scratchdimen=\dimen309
\scratchbox=\box74
\nofMPsegments=\count347
\nofMParguments=\count348
\everyMPshowfont=\toks42
\MPscratchCnt=\count349
\MPscratchDim=\dimen310
\MPnumerator=\count350
\makeMPintoPDFobject=\count351
\everyMPtoPDFconversion=\toks43
)
(C:\Users\Arhaan\scoop\apps\latex\current\texmfs\install\tex/latex/epstopdf-pkg
\epstopdf-base.sty
Package: epstopdf-base 2020-01-24 v2.11 Base part for package epstopdf
Package epstopdf-base Info: Redefining graphics rule for `.eps' on input line 4
85.

(C:\Users\Arhaan\scoop\apps\latex\current\texmfs\install\tex/latex/00miktex\eps
topdf-sys.cfg
File: epstopdf-sys.cfg 2021/03/18 v2.0 Configuration of epstopdf for MiKTeX
))
Package hyperref Info: Link coloring ON on input line 56.
 (ism_paper.out) (ism_paper.out)
\@outlinefile=\write4
\openout4 = `ism_paper.out'.


Overfull \hbox (9.13641pt too wide) in paragraph at lines 71--71
 [] 
 []


Overfull \hbox (9.13641pt too wide) in paragraph at lines 71--71
 [] 
 []


Overfull \hbox (9.13641pt too wide) in paragraph at lines 71--71
 [] 
 []

LaTeX Font Info:    Trying to load font information for U+msa on input line 84.


(C:\Users\Arhaan\scoop\apps\latex\current\texmfs\install\tex/latex/amsfonts\ums
a.fd
File: umsa.fd 2013/01/14 v3.01 AMS symbols A
)
LaTeX Font Info:    Trying to load font information for U+msb on input line 84.


(C:\Users\Arhaan\scoop\apps\latex\current\texmfs\install\tex/latex/amsfonts\ums
b.fd
File: umsb.fd 2013/01/14 v3.01 AMS symbols B
)
Underfull \hbox (badness 2635) in paragraph at lines 161--164
[]\T1/ptm/m/n/10 A \T1/ptm/b/n/10 subject-disjoint eval-u-a-tion \T1/ptm/m/n/10
 over 13 leave-one-
 []

[1{C:/Users/Arhaan/scoop/apps/latex/current/texmfs/data/fonts/map/pdftex/pdftex
.map}{C:/Users/Arhaan/scoop/apps/latex/current/texmfs/install/fonts/enc/dvips/b
ase/8r.enc}


] (fig_architecture.tex) (fig_threat.tex)
LaTeX Font Info:    Trying to load font information for T1+pcr on input line 28
6.

(C:\Users\Arhaan\scoop\apps\latex\current\texmfs\install\tex/latex/psnfss\t1pcr
.fd
File: t1pcr.fd 2001/06/04 font definitions for T1/pcr.
)
Underfull \hbox (badness 10000) in paragraph at lines 285--296
\T1/ptm/m/n/10 (\T1/pcr/m/n/10 pose_landmarker_lite\T1/ptm/m/n/10 , FP16, per-f
rame IM-AGE
 []

<figures/fig3_keypoints.png, id=235, 2826.56pt x 1541.76pt>
File: figures/fig3_keypoints.png Graphic file (type png)
<use figures/fig3_keypoints.png>
Package pdftex.def Info: figures/fig3_keypoints.png  used on input line 299.
(pdftex.def)             Requested size: 252.0pt x 137.43498pt.
[2]
Underfull \vbox (badness 1975) has occurred while \output is active []

 [3 <./figures/fig3_keypoints.png>] [4]
<figures/fig_roc_pooled.png, id=307, 243.91125pt x 193.6836pt>
File: figures/fig_roc_pooled.png Graphic file (type png)
<use figures/fig_roc_pooled.png>
Package pdftex.def Info: figures/fig_roc_pooled.png  used on input line 554.
(pdftex.def)             Requested size: 222.99051pt x 177.06128pt.
<figures/fig_ablation_b.png, id=308, 258.18457pt x 220.60417pt>
File: figures/fig_ablation_b.png Graphic file (type png)
<use figures/fig_ablation_b.png>
Package pdftex.def Info: figures/fig_ablation_b.png  used on input line 555.
(pdftex.def)             Requested size: 207.22948pt x 177.06128pt.
 [5] [6 <./figures/fig_roc_pooled.png (PNG copy)> <./figures/fig_ablation_b.png
 (PNG copy)>]
<figures/fig10_joint_importance.png, id=335, 498.1812pt x 244.2726pt>
File: figures/fig10_joint_importance.png Graphic file (type png)
<use figures/fig10_joint_importance.png>
Package pdftex.def Info: figures/fig10_joint_importance.png  used on input line
 718.
(pdftex.def)             Requested size: 184.24054pt x 90.3375pt.
<figures/fig_groups_a.png, id=336, 257.2812pt x 192.72pt>
File: figures/fig_groups_a.png Graphic file (type png)
<use figures/fig_groups_a.png>
Package pdftex.def Info: figures/fig_groups_a.png  used on input line 727.
(pdftex.def)             Requested size: 216.72015pt x 162.34537pt.
 [7]
Underfull \hbox (badness 7116) in paragraph at lines 815--819
[]\T1/ptm/m/n/10 We thank the vol-un-teers who con-tributed walk-ing
 []

(ism_paper.bbl
Underfull \hbox (badness 2635) in paragraph at lines 61--64
[]\T1/ptm/m/n/8 InsightFace Con-trib-u-tors, ``In-sight-Face: 2d and 3d face an
al-y-sis
 []


Underfull \hbox (badness 5563) in paragraph at lines 135--138
[]\T1/ptm/m/n/8 Google, ``Me-di-aPipe pose land-marker,'' [][]$https : / / ai .
 google . dev / edge /
 []

)

** Conference Paper **
Before submitting the final camera ready copy, remember to:

 1. Manually equalize the lengths of two columns on the last page
 of your paper;

 2. Ensure that any PostScript and/or PDF output post-processing
 uses only Type 1 fonts and that every step in the generation
 process uses the appropriate paper size.

[8 <./figures/fig10_joint_importance.png> <./figures/fig_groups_a.png (PNG copy
)>] (ism_paper.aux)
 ***********
LaTeX2e <2025-11-01>
L3 programming layer <2025-12-24>
 ***********
Package rerunfilecheck Info: File `ism_paper.out' has not changed.
(rerunfilecheck)             Checksum: 9B94949EAD8C6B4AE5CA1D8EE937A8BC;6349.
 ) 
Here is how much of TeX's memory you used:
 23635 strings out of 467871
 450767 string characters out of 5414002
 870950 words of memory out of 5000000
 51993 multiletter control sequences out of 15000+600000
 762975 words of font info for 182 fonts, out of 8000000 for 9000
 1144 hyphenation exceptions out of 8191
 84i,12n,104p,699b,1272s stack positions out of 10000i,1000n,20000p,200000b,200000s
<C:/Users/Arhaan/scoop/apps/latex/current/texmfs/install/fonts/type1/public/a
msfonts/cm/cmbx10.pfb><C:/Users/Arhaan/scoop/apps/latex/current/texmfs/install/
fonts/type1/public/amsfonts/cm/cmbx7.pfb><C:/Users/Arhaan/scoop/apps/latex/curr
ent/texmfs/install/fonts/type1/public/amsfonts/cm/cmbx8.pfb><C:/Users/Arhaan/sc
oop/apps/latex/current/texmfs/install/fonts/type1/public/amsfonts/cm/cmex10.pfb
><C:/Users/Arhaan/scoop/apps/latex/current/texmfs/install/fonts/type1/public/am
sfonts/cm/cmmi10.pfb><C:/Users/Arhaan/scoop/apps/latex/current/texmfs/install/f
onts/type1/public/amsfonts/cm/cmmi5.pfb><C:/Users/Arhaan/scoop/apps/latex/curre
nt/texmfs/install/fonts/type1/public/amsfonts/cm/cmmi7.pfb><C:/Users/Arhaan/sco
op/apps/latex/current/texmfs/install/fonts/type1/public/amsfonts/cm/cmmi8.pfb><
C:/Users/Arhaan/scoop/apps/latex/current/texmfs/install/fonts/type1/public/amsf
onts/cm/cmmi9.pfb><C:/Users/Arhaan/scoop/apps/latex/current/texmfs/install/font
s/type1/public/amsfonts/cm/cmmib10.pfb><C:/Users/Arhaan/scoop/apps/latex/curren
t/texmfs/install/fonts/type1/public/amsfonts/cmextra/cmmib7.pfb><C:/Users/Arhaa
n/scoop/apps/latex/current/texmfs/install/fonts/type1/public/amsfonts/cm/cmr10.
pfb><C:/Users/Arhaan/scoop/apps/latex/current/texmfs/install/fonts/type1/public
/amsfonts/cm/cmr5.pfb><C:/Users/Arhaan/scoop/apps/latex/current/texmfs/install/
fonts/type1/public/amsfonts/cm/cmr6.pfb><C:/Users/Arhaan/scoop/apps/latex/curre
nt/texmfs/install/fonts/type1/public/amsfonts/cm/cmr7.pfb><C:/Users/Arhaan/scoo
p/apps/latex/current/texmfs/install/fonts/type1/public/amsfonts/cm/cmr8.pfb><C:
/Users/Arhaan/scoop/apps/latex/current/texmfs/install/fonts/type1/public/amsfon
ts/cm/cmr9.pfb><C:/Users/Arhaan/scoop/apps/latex/current/texmfs/install/fonts/t
ype1/public/amsfonts/cm/cmsy10.pfb><C:/Users/Arhaan/scoop/apps/latex/current/te
xmfs/install/fonts/type1/public/amsfonts/cm/cmsy5.pfb><C:/Users/Arhaan/scoop/ap
ps/latex/current/texmfs/install/fonts/type1/public/amsfonts/cm/cmsy6.pfb><C:/Us
ers/Arhaan/scoop/apps/latex/current/texmfs/install/fonts/type1/public/amsfonts/
cm/cmsy7.pfb><C:/Users/Arhaan/scoop/apps/latex/current/texmfs/install/fonts/typ
e1/public/amsfonts/cm/cmsy8.pfb><C:/Users/Arhaan/scoop/apps/latex/current/texmf
s/install/fonts/type1/public/amsfonts/cm/cmsy9.pfb><C:/Users/Arhaan/scoop/apps/
latex/current/texmfs/install/fonts/type1/public/amsfonts/symbols/msam7.pfb><C:/
Users/Arhaan/scoop/apps/latex/current/texmfs/install/fonts/type1/public/amsfont
s/symbols/msbm10.pfb><C:/Users/Arhaan/scoop/apps/latex/current/texmfs/install/f
onts/type1/public/amsfonts/symbols/msbm7.pfb><C:/Users/Arhaan/scoop/apps/latex/
current/texmfs/install/fonts/type1/urw/courier/ucrr8a.pfb><C:/Users/Arhaan/scoo
p/apps/latex/current/texmfs/install/fonts/type1/urw/times/utmb8a.pfb><C:/Users/
Arhaan/scoop/apps/latex/current/texmfs/install/fonts/type1/urw/times/utmbi8a.pf
b><C:/Users/Arhaan/scoop/apps/latex/current/texmfs/install/fonts/type1/urw/time
s/utmr8a.pfb><C:/Users/Arhaan/scoop/apps/latex/current/texmfs/install/fonts/typ
e1/urw/times/utmri8a.pfb>
Output written on ism_paper.pdf (8 pages, 3493610 bytes).
PDF statistics:
 516 PDF objects out of 1000 (max. 8388607)
 95 named destinations out of 1000 (max. 500000)
 334 words of extra memory for PDF output out of 10000 (max. 10000000)

